
 RUN  v4.1.11 /Users/atefataya/Developer/code-graph

stdout | test/windows-path-contract.test.ts > Windows graph path contract > affected_files matches impact_analysis on a backslash graph
Windows repro: {"affected":{"target":"src/app/model.ts","affected_files":[],"test_files":[],"total_affected":0,"total_tests":0,"message":"No affected files found for 'src/app/model.ts'. Check the path is relative to the project root."},"impact":{"symbol":{"id":"src\\app\\model.ts::Model","name":"Model","filePath":"src\\app\\model.ts","kind":"interface"},"impact":{"directDependents":[{"name":"Consumer","filePath":"src\\app\\consumer.ts","kind":"class","relationship":"references-type"},{"name":"consume","filePath":"src/app/consumer.ts","kind":"function","relationship":"references-type"}],"transitiveDependents":[],"affectedFiles":["src/app/consumer.ts","src\\app\\consumer.ts"],"summary":"Changing Model would directly affect 2 symbol(s) and transitively affect 0 more, across 2 file(s)."}}}

stderr | test/windows-path-contract.test.ts > Windows graph path contract > verify-change deduplicates a mixed-separator blast radius
[Parser] Cache: 0 hits, 268 files re-parsed

stdout | test/windows-path-contract.test.ts > Windows graph path contract > verify-change deduplicates a mixed-separator blast radius
Windows verify repro: 3 [ 'src/app/model.ts', 'src/app/consumer.ts', 'src\\app\\consumer.ts' ]

 ❯ test/windows-path-contract.test.ts (3 tests | 3 failed) 765ms
     × affected_files matches impact_analysis on a backslash graph 7ms
     × verify-change deduplicates a mixed-separator blast radius 756ms
     × distinguishes an unknown path from a resolved leaf 1ms

⎯⎯⎯⎯⎯⎯⎯ Failed Tests 3 ⎯⎯⎯⎯⎯⎯⎯

 FAIL  test/windows-path-contract.test.ts > Windows graph path contract > affected_files matches impact_analysis on a backslash graph
AssertionError: expected +0 to be 1 // Object.is equality

- Expected
+ Received

- 1
+ 0

 ❯ test/windows-path-contract.test.ts:29:37
     27|     const impact = JSON.parse((await handleToolCall('impact_analysis',…
     28|     console.log('Windows repro:', JSON.stringify({ affected, impact })…
     29|     expect(affected.total_affected).toBe(1);
       |                                     ^
     30|     expect(affected.affected_files.map((f: any) => f.filePath)).toEqua…
     31|     expect(getImpact(graph, 'src/app/model.ts::Model').affectedFiles).…

⎯⎯⎯⎯⎯⎯⎯⎯⎯⎯⎯⎯⎯⎯⎯⎯⎯⎯⎯⎯⎯⎯⎯⎯[1/3]⎯

 FAIL  test/windows-path-contract.test.ts > Windows graph path contract > verify-change deduplicates a mixed-separator blast radius
AssertionError: expected 3 to be 2 // Object.is equality

- Expected
+ Received

- 2
+ 3

 ❯ test/windows-path-contract.test.ts:37:33
     35|     const result = await verifyChange({ file_path: 'src/app/model.ts',…
     36|     console.log('Windows verify repro:', result.blast_radius, result.a…
     37|     expect(result.blast_radius).toBe(2);
       |                                 ^
     38|     expect(result.affected_files).toEqual(['src/app/consumer.ts', 'src…
     39|   });

⎯⎯⎯⎯⎯⎯⎯⎯⎯⎯⎯⎯⎯⎯⎯⎯⎯⎯⎯⎯⎯⎯⎯⎯[2/3]⎯

 FAIL  test/windows-path-contract.test.ts > Windows graph path contract > distinguishes an unknown path from a resolved leaf
AssertionError: expected [Function] to throw an error

- Expected:
null

+ Received:
undefined

 ❯ test/windows-path-contract.test.ts:42:57
     40|   it('distinguishes an unknown path from a resolved leaf', () => {
     41|     const graph = importFromJSON(fixture());
     42|     expect(() => getAffectedFiles(graph, 'missing.ts')).toThrow(/not f…
       |                                                         ^
     43|     expect(getAffectedFiles(graph, 'src/app/consumer.ts').affected).to…
     44|   });

⎯⎯⎯⎯⎯⎯⎯⎯⎯⎯⎯⎯⎯⎯⎯⎯⎯⎯⎯⎯⎯⎯⎯⎯[3/3]⎯


 Test Files  1 failed (1)
      Tests  3 failed (3)
   Start at  09:05:14
   Duration  1.51s (transform 438ms, setup 0ms, import 608ms, tests 765ms, environment 0ms)

